 ⚠ Warning: Next.js inferred your workspace root, but it may not be correct.
 We detected multiple lockfiles and selected the directory of C:\Users\USUARIO\package-lock.json as the root directory.
 To silence this warning, set `outputFileTracingRoot` in your Next.js config, or consider removing one of the lockfiles if it's not needed.
   See https://nextjs.org/docs/app/api-reference/config/next-config-js/output#caveats for more information.
 Detected additional lockfiles: 
   * C:\Users\USUARIO\CascadeProjects\go-admin-erp\package-lock.json

   ▲ Next.js 15.5.7
   - Environments: .env.local

   Creating an optimized production build ...
Browserslist: browsers data (caniuse-lite) is 15 months old. Please run:
  npx update-browserslist-db@latest
  Why you should do it regularly: https://github.com/browserslist/update-db#readme
 ✓ Compiled successfully in 4.4min
   Skipping validation of types
   Skipping linting
   Collecting page data ...
 ⚠ Using edge runtime on a page currently disables static generation for that page
   Generating static pages (0/164) ...
   Generating static pages (41/164) 
   Generating static pages (82/164) 
   Generating static pages (123/164) 
 ✓ Generating static pages (164/164)
   Finalizing page optimization ...
   Collecting build traces ...
