node.exe : 
En C:\Program Files\nodejs\npx.ps1: 29 Carácter: 3
+   & $NODE_EXE $NPX_CLI_JS $args
+   ~~~~~~~~~~~~~~~~~~~~~~~~~~~~~
    + CategoryInfo          : NotSpecified: (:String) [], RemoteException
    + FullyQualifiedErrorId : NativeCommandError
 
<--- Last few GCs --->

[22368:0000012A64585000]   834656 ms: Mark-Compact 4035.1 (4128.1) -> 4019.6 (4128.8) MB, pooled: 6 MB, 1792.43 / 0.01 
ms  (average mu = 0.311, current mu = 0.300) allocation failure; scavenge might not succeed
[22368:0000012A64585000]   837552 ms: Mark-Compact 4035.4 (4128.8) -> 4021.2 (4130.1) MB, pooled: 5 MB, 2548.28 / 0.01 
ms  (average mu = 0.235, current mu = 0.120) allocation failure; scavenge might not succeed


<--- JS stacktrace --->

FATAL ERROR: Ineffective mark-compacts near heap limit Allocation failed - JavaScript heap out of memory
----- Native stack trace -----

 1: 00007FF7793F20AD node::SetCppgcReference+17245
 2: 00007FF77935A4D8 v8::base::CPU::num_virtual_address_bits+92376
 3: 00007FF779EDA1B1 v8::Isolate::ReportExternalAllocationLimitReached+65
 4: 00007FF779EC7096 v8::Function::Experimental_IsNopFunction+2790
 5: 00007FF779D16920 v8::internal::StrongRootAllocatorBase::StrongRootAllocatorBase+31392
 6: 00007FF779D10644 v8::internal::StrongRootAllocatorBase::StrongRootAllocatorBase+6084
 7: 00007FF779D0BCF5 v8::CpuProfileNode::GetScriptResourceNameStr+188069
 8: 00007FF7796913BD BIO_ssl_shutdown+189
 9: 7FF8000000000000 
